98ae7c344c01c64d2597338ec632e22a36f1b78ce502a9f3ed668edd0921dcb3