d76a32a55035f8ca8a31634490400657f73efe6ec5d8fbc28393c98f482262de