9c297771102045d7619e678d952e5b0a8771d9f7afcb11e5bb072f9e84b8724c