e971e99926950e605d88f3d65edd1bad584a2b2a23943460aa48250be889622f