321bf2ac1384c306b7be050c163ff21a22ba672c6061786bb4015c62abe2ea3f