90aab86db2fcc92a7200dce497fe52dce9e96de04ddbb93b04ee065ac9f708ef