3dc2ed8ab56f9c706e1fbf4bacc1ab1e38d20f66c686f1ab05d5ad0e504272fc