165b0049baa38c815c16186d3ac969edec76b47f4812a84fcf98f1830d862a15