9013b5ea603e56ce4690fdc7a48ccf9d400e00dcd89cfd115be7d55403f74017