c58a12e23b6d497196fc724102d06f62c64a73cedc6e12b2b93c6bd1e70dc17f