917564bc9f8a95493ff09c8426fad5eb3bf72f36388830c7a9680e31105126f2