c3a034d31c4a1e4a4a0a34df06bb82ce7e67bb7b014a8eb634c195165fbe98e5