e1bdd66a7272b7f329fc17b26195685dbf03fcbd14dbe7e33acc62970e25ee5b