93120bb6865a1ccaefcc031b19f6f5b4fcc84f63929a2a5e1ad4d11bc05ed908