764f81313f2367bdaa748c277055c909a1a9b6c257bf9d721756604e7737744f