65c6520240dd39aed4380f08166a3cf15dcedc7e05966361128b7722b919bfe5