85b60ad566f2b7abc8b4aec811d1b675b7aaaa1005376e5b7ac53cbc9a1c1734