f7357a7441b3ce68be518107f34c94e3f6f8545efd8e951c6d71d56c83bef227